============================= test session starts =============================
platform win32 -- Python 3.14.6, pytest-9.1.1, pluggy-1.6.0 -- C:\Users\HP\OneDrive\Desktop\.vscode\ai-shield\backend\venv\Scripts\python.exe
cachedir: .pytest_cache
rootdir: C:\Users\HP\OneDrive\Desktop\.vscode\ai-shield\backend
plugins: anyio-4.14.1, langsmith-0.9.2, asyncio-1.4.0
asyncio: mode=Mode.STRICT, debug=False, asyncio_default_fixture_loop_scope=None, asyncio_default_test_loop_scope=function
collecting ... collected 0 items / 1 error

=================================== ERRORS ====================================
___________________ ERROR collecting tests/test_gateway.py ____________________
ImportError while importing test module 'C:\Users\HP\OneDrive\Desktop\.vscode\ai-shield\backend\tests\test_gateway.py'.
Hint: make sure your test modules/packages have valid Python names.
Traceback:
C:\Python314\Lib\importlib\__init__.py:88: in import_module
    return _bootstrap._gcd_import(name[level:], package, level)
           ^^^^^^^^^^^^^^^^^^^^^^^^^^^^^^^^^^^^^^^^^^^^^^^^^^^^
tests\test_gateway.py:3: in <module>
    from main import app, verify_api_key
main.py:15: in <module>
    from providers.openai import OpenAIProvider
providers\__init__.py:3: in <module>
    from .router import ProviderRouter
providers\router.py:3: in <module>
    from .openai import OpenAIProvider
providers\openai.py:2: in <module>
    from openai import AsyncOpenAI
E   ModuleNotFoundError: No module named 'openai'
============================== warnings summary ===============================
venv\Lib\site-packages\fastapi\testclient.py:1
  C:\Users\HP\OneDrive\Desktop\.vscode\ai-shield\backend\venv\Lib\site-packages\fastapi\testclient.py:1: StarletteDeprecationWarning: Using `httpx` with `starlette.testclient` is deprecated; install `httpx2` instead.
    from starlette.testclient import TestClient as TestClient  # noqa

-- Docs: https://docs.pytest.org/en/stable/how-to/capture-warnings.html
=========================== short test summary info ===========================
ERROR tests/test_gateway.py
!!!!!!!!!!!!!!!!!!! Interrupted: 1 error during collection !!!!!!!!!!!!!!!!!!!!
========================= 1 warning, 1 error in 2.36s =========================
